40 3 -2 1 0.25 10
40 3 11 0 1 10
60 6 -2 6.08929 0.371711 10
60 6 7 1.91071 1 10
60 6 19 0 0.7 10
60 7 -2 5.78571 0.416667 10
60 7 13 3.46429 1 10
60 7 18 3.46429 0.25 10
60 8 -2 6.10714 0.308367 10
60 8 15 1 0.750731 10
60 8 17 1.24408 0.747807 10
80 0 -2 3.46429 0.726511 10
80 0 0 0 1 10
80 0 22 0.506494 0.877193 10
80 0 14 0.964283 0.850251 10
80 2 -2 1 0.766959 10
80 2 3 2.73214 1 10
80 2 20 3.78214 0.882675 10
80 2 6 2.99285 0.84986 10
80 3 -2 1 0.495614 10
80 3 11 0 1 10
80 4 -2 3.46429 0.646199 10
80 4 5 0 0.95307 10
80 4 21 1.8602 0.95307 10
80 4 16 0.271205 0.62613 10
100 1 -2 5.5 0.797089 10
100 1 1 2.33929 0.951923 10
100 1 2 4.66071 0.864912 10
100 1 4 5.5 0.408991 10
100 1 8 4.14881 0.862133 10
100 5 -2 1.91071 0.593499 10
100 5 23 5.58572 0.975796 10
100 5 9 5.5 1 10
100 5 10 5.75714 0.683135 10
100 5 12 0.946428 0.799639 10
120 3 -2 4.66071 0.265351 10
120 3 11 0.241518 1 10
120 6 -2 4.10714 0.55 10
120 6 7 0 1 10
120 6 19 0 0.715789 10
120 7 -2 6.10714 0.798246 10
120 7 13 0 1 10
120 7 18 0 0.759816 10
120 8 -2 3.46429 0.356354 10
120 8 15 0 0.842654 10
120 8 17 0 0.751057 10
160 0 -2 4.10714 0.790852 10
160 0 0 1.91071 1 10
160 0 22 0 0.804468 10
160 0 14 1.15357 0.899381 10
160 2 -2 0 0.582999 10
160 2 3 5.125 1 10
160 2 20 0.959184 0.963158 10
160 2 6 0.625003 0.669859 10
160 3 -2 5.5 0.25 10
160 3 11 0.328022 1 10
160 4 -2 4.66071 0.541909 10
160 4 5 1.91071 0.976535 10
160 4 21 5.02449 0.929605 10
160 4 16 2.78571 0.647243 10
180 6 -2 1 0.503655 10
180 6 7 0 0.888158 10
180 6 19 0 0.653947 10
180 7 -2 5.98214 0.507812 10
180 7 13 0 1 10
180 7 18 2.73214 0.375 10
180 8 -2 3.46429 0.581033 10
180 8 15 1 0.931704 10
180 8 17 0 0.899342 10
200 1 -2 5.5 0.856151 10
200 1 1 4.10714 0.959514 10
200 1 2 4.66071 0.940351 10
200 1 4 5.5 0.826316 10
200 1 8 5.04253 0.906024 10
200 3 -2 1 0.370614 10
200 3 11 0.90754 1 10
200 5 -2 4.10714 0.497206 10
200 5 23 5.78571 0.868207 10
200 5 9 2.67143 0.975233 10
200 5 10 5.125 0.603106 10
200 5 12 5.73571 0.848221 10
240 0 -2 5.78571 0.936041 10
240 0 0 0 1 10
240 0 22 1 0.988706 10
240 0 14 0.357143 0.946012 10
240 2 -2 1.91071 0.600156 10
240 2 3 3.07976 0.964547 10
240 2 20 3.79388 0.843259 10
240 2 6 3.95714 0.704529 10
240 3 -2 1.91071 0.265351 10
240 3 11 0 1 10
240 4 -2 5.5 0.487698 10
240 4 5 4.10714 1 10
240 4 21 0.636735 1 10
240 4 16 0 0.477316 10
240 6 -2 2.73214 0.507404 10
240 6 7 3.46429 0.873904 10
240 6 19 0 0.693075 10
240 7 -2 3.46429 0.505682 10
240 7 13 2.16607 1 10
240 7 18 4.10714 0.410714 10
240 8 -2 3.46429 0.980702 10
240 8 15 0 1 10
240 8 17 0 0.986505 10
280 3 -2 1 0.265351 10
280 3 11 0 1 10
300 1 -2 5.5 0.825703 10
300 1 1 4.66071 0.938451 10
300 1 2 4.10714 0.9753 10
300 1 4 1.97857 0.907816 10
300 1 8 4.49762 0.891123 10
300 5 -2 4.66071 0.57578 10
300 5 23 6.08929 0.953947 10
300 5 9 1.91071 1 10
300 5 10 6.10714 0.66485 10
300 5 12 3.71582 0.847222 10
300 6 -2 6.08929 0.631902 10
300 6 7 5.125 1 10
300 6 19 0 0.610249 10
300 7 -2 6.10714 0.699238 10
300 7 13 1 1 10
300 7 18 0 0.671444 10
300 8 -2 5.125 0.468002 10
300 8 15 0 0.889676 10
300 8 17 0 0.738213 10
320 0 -2 1.91071 0.516882 10
320 0 0 0 1 10
320 0 22 1 0.928454 10
320 0 14 2.12144 0.627946 10
320 2 -2 2.73214 0.558208 10
320 2 3 3.46429 0.960663 10
320 2 20 0.535714 0.696158 10
320 2 6 1.73573 0.722764 10
320 3 -2 4.66071 0.25 10
320 3 11 0.167857 1 10
320 4 -2 3.46429 0.801443 10
320 4 5 3.15402 1 10
320 4 21 2.00255 0.980305 10
320 4 16 0.739956 0.821739 10
360 3 -2 5.78571 0.25 10
360 3 11 1.7033 1 10
360 6 -2 4.10714 0.325439 10
360 6 7 0 0.715789 10
360 6 19 0 0.567252 10
360 7 -2 5.125 0.516949 10
360 7 13 3.46429 1 10
360 7 18 5.78572 0.480769 10
360 8 -2 5.78571 0.399246 10
360 8 15 0 0.807018 10
360 8 17 0.578572 0.779331 10
400 0 -2 4.10714 0.575366 10
400 0 0 0 1 10
400 0 22 3.49921 0.960526 10
400 0 14 1.04642 0.549549 10
400 1 -2 5.5 0.858028 10
400 1 1 2.73214 0.970585 10
400 1 2 1.08044 0.961285 10
400 1 4 0.529252 0.875376 10
400 1 8 3.83929 0.96403 10
400 2 -2 4.10714 0.74589 10
400 2 3 0.638736 0.98602 10
400 2 20 1.36786 0.827153 10
400 2 6 2.025 0.801147 10
400 3 -2 4.10714 0.25 10
400 3 11 0 1 10
400 4 -2 5.5 0.799982 10
400 4 5 0.5 0.954147 10
400 4 21 3.3051 0.842304 10
400 4 16 2.5926 0.902118 10
400 5 -2 4.10714 0.668088 10
400 5 23 5.69166 1 10
400 5 9 2.73214 1 10
400 5 10 6.10714 0.684476 10
400 5 12 2.71071 0.815319 10
420 6 -2 3.46429 0.626619 10
420 6 7 0 0.861988 10
420 6 19 0 0.729541 10
420 7 -2 5.98214 0.556151 10
420 7 13 0.157143 1 10
420 7 18 2.52857 0.52695 10
420 8 -2 1.91071 0.663301 10
420 8 15 1 0.878446 10
420 8 17 0.388378 0.921784 10
440 3 -2 5.5 0.25 10
440 3 11 0 1 10
480 0 -2 6.10714 0.809032 10
480 0 0 0 1 10
480 0 22 0.263961 0.885721 10
480 0 14 1.29796 0.979436 10
480 2 -2 2.73214 0.522932 10
480 2 3 1.08571 1 10
480 2 20 1.88469 1 10
480 2 6 1.73214 0.662624 10
480 3 -2 5.98214 0.577852 10
480 3 11 0 1 10
480 4 -2 5.125 0.862821 10
480 4 5 1 1 10
480 4 21 3.41327 0.995541 10
480 4 16 0 0.848062 10
480 6 -2 3.46429 0.637098 10
480 6 7 0 0.759003 10
480 6 19 0 0.861732 10
480 7 -2 5.78571 0.556338 10
480 7 13 1.2974 1 10
480 7 18 4.66071 0.49375 10
480 8 -2 4.66071 0.921996 10
480 8 15 1.91071 1 10
480 8 17 0 0.944824 10
500 1 -2 4.10714 0.747738 10
500 1 1 2.85357 0.866966 10
500 1 2 5.98214 0.978668 10
500 1 4 5.5 0.914153 10
500 1 8 2.17768 0.843024 10
500 5 -2 5.5 0.67685 10
500 5 23 5.90117 0.788999 10
500 5 9 1.91071 0.838753 10
500 5 10 6.10714 0.665526 10
500 5 12 4.89643 0.734183 10
520 3 -2 4.10714 0.25 10
520 3 11 0 1 10
540 6 -2 4.66071 0.55 10
540 6 7 1 1 10
540 6 19 3.46429 0.517857 10
540 7 -2 3.46429 0.382953 10
540 7 13 2.33348 0.872368 10
540 7 18 0 0.5 10
540 8 -2 3.46429 0.439107 10
540 8 15 0.185714 0.885526 10
540 8 17 0 0.796946 10
560 0 -2 4.10714 0.780649 10
560 0 0 1 1 10
560 0 22 2.73214 0.84041 10
560 0 14 1.56071 0.9725 10
560 2 -2 3.46429 0.761363 10
560 2 3 1 0.996038 10
560 2 20 1.28827 0.943089 10
560 2 6 3.29285 0.812732 10
560 3 -2 6.10714 0.265789 10
560 3 11 0 1 10
560 4 -2 3.46429 0.552938 10
560 4 5 2.73214 0.984861 10
560 4 21 2.46939 0.913012 10
560 4 16 0.505574 0.691771 10
600 1 -2 4.10714 0.745562 10
600 1 1 5.33571 0.976295 10
600 1 2 5.98214 0.890045 10
600 1 4 3.46429 0.753205 10
600 1 8 5.43909 0.952277 10
600 3 -2 2.73214 0.25 10
600 3 11 0.737301 1 10
600 5 -2 4.66071 0.485647 10
600 5 23 4.66071 0.939763 10
600 5 9 5.5 0.969751 10
600 5 10 6.10714 0.502483 10
600 5 12 1.52857 0.693379 10
600 6 -2 4.66071 0.669986 10
600 6 7 0 1 10
600 6 19 0 0.668026 10
600 7 -2 6.10714 0.890497 10
600 7 13 1 1 10
600 7 18 0 0.877129 10
600 8 -2 1.91071 0.58931 10
600 8 15 0.871429 0.87699 10
600 8 17 0.353571 0.919087 10
640 0 -2 5.98214 0.950733 10
640 0 0 1.74999 1 10
640 0 22 1.91071 1 10
640 0 14 0 0.926665 10
640 2 -2 2.73214 0.455675 10
640 2 3 4.59286 0.992667 10
640 2 20 1.18775 0.890497 10
640 2 6 3.65 0.687627 10
640 3 -2 5.5 0.25 10
640 3 11 0 1 10
640 4 -2 3.46429 0.692372 10
640 4 5 3.46429 0.979296 10
640 4 21 1 0.924623 10
640 4 16 1.15714 0.813433 10
660 6 -2 4.66071 0.389341 10
660 6 7 0.646429 0.824561 10
660 6 19 0.455059 0.586642 10
660 7 -2 2.73214 0.533312 10
660 7 13 0 0.980276 10
660 7 18 4.10714 0.508621 10
660 8 -2 5.125 0.819332 10
660 8 15 1.60356 0.932895 10
660 8 17 0.42857 1 10
680 3 -2 6.10714 0.301316 10
680 3 11 0 1 10
700 1 -2 1.91071 0.801895 10
700 1 1 4.66071 0.955897 10
700 1 2 4.66071 0.953368 10
700 1 4 0 0.872731 10
700 1 8 4.36072 0.921755 10
700 5 -2 5.5 0.62903 10
700 5 23 5.78571 0.953947 10
700 5 9 2.73214 0.99693 10
700 5 10 6.10714 0.742275 10
700 5 12 5.21786 0.895575 10
720 0 -2 4.10714 0.490267 10
720 0 0 1.29464 1 10
720 0 22 5.5 0.843627 10
720 0 14 0.528571 0.580092 10
720 2 -2 1 0.423409 10
720 2 3 1.91458 1 10
720 2 20 1.20306 1 10
720 2 6 0.324783 0.641246 10
720 3 -2 5.125 0.25 10
720 3 11 0 1 10
720 4 -2 3.46429 0.902866 10
720 4 5 2.73214 1 10
720 4 21 2.21582 0.99741 10
720 4 16 0 0.909141 10
720 6 -2 5.125 0.977508 10
720 6 7 0 1 10
720 6 19 0 0.976339 10
720 7 -2 6.10714 0.556122 10
720 7 13 1 1 10
720 7 18 0 0.488636 10
720 8 -2 2.73214 0.970311 10
720 8 15 1.91071 1 10
720 8 17 0 0.978363 10
760 3 -2 6.10714 0.265789 10
760 3 11 0.926374 1 10
780 6 -2 2.73214 0.353158 10
780 6 7 0.767262 0.838596 10
780 6 19 0 0.564516 10
780 7 -2 6.10714 0.579979 10
780 7 13 2.39545 1 10
780 7 18 4.10714 0.513158 10
780 8 -2 3.46429 0.481928 10
780 8 15 0.533929 0.842654 10
780 8 17 0 0.866099 10
800 0 -2 5.5 0.677761 10
800 0 0 0.0626376 1 10
800 0 22 4.15318 0.897613 10
800 0 14 0.946423 0.847795 10
800 1 -2 2.73214 0.789248 10
800 1 1 4.10714 0.970393 10
800 1 2 1.07262 0.940975 10
800 1 4 1.1165 0.840461 10
800 1 8 4.61032 0.934098 10
800 2 -2 0 0.846551 10
800 2 3 0.757693 0.997209 10
800 2 20 1.56888 0.944616 10
800 2 6 5.025 0.878699 10
800 3 -2 5.78571 0.25 10
800 3 11 0.540873 1 10
800 4 -2 3.46429 0.879848 10
800 4 5 1.29286 1 10
800 4 21 1.77704 0.997083 10
800 4 16 0.388385 0.883564 10
800 5 -2 5.78571 0.487748 10
800 5 23 1.91071 0.824472 10
800 5 9 3.46429 0.956918 10
800 5 10 6.10714 0.540162 10
800 5 12 5.38571 0.75609 10
840 3 -2 6.10714 0.25 10
840 3 11 0 1 10
840 6 -2 5.125 0.353914 10
840 6 7 1.01369 0.844804 10
840 6 19 4.10714 0.539286 10
840 7 -2 5.5 0.352999 10
840 7 13 0.953125 0.803375 10
840 7 18 4.10714 0.478261 10
840 8 -2 1 0.662555 10
840 8 15 0.614286 0.883603 10
840 8 17 0 0.957895 10
880 0 -2 5.78571 0.802984 10
880 0 0 0 1 10
880 0 22 0.487338 0.963349 10
880 0 14 0 0.832941 10
880 2 -2 5.125 0.569317 10
880 2 3 4.97857 1 10
880 2 20 1.73878 1 10
880 2 6 0.0464285 0.716414 10
880 3 -2 5.125 0.265351 10
880 3 11 0 1 10
880 4 -2 5.125 0.764438 10
880 4 5 0.0714287 0.943957 10
880 4 21 2.94845 0.850906 10
880 4 16 0.257143 0.872714 10
900 1 -2 1.91071 0.705345 10
900 1 1 2.79464 0.717618 10
900 1 2 4.67796 0.96848 10
900 1 4 5.125 0.910281 10
900 1 8 2.25916 0.74008 10
900 5 -2 4.10714 0.697251 10
900 5 23 3.34643 0.846132 10
900 5 9 1.91071 0.884239 10
900 5 10 6.10714 0.708312 10
900 5 12 5.18571 0.777099 10
900 6 -2 2.73214 0.607679 10
900 6 7 2.93298 1 10
900 6 19 0 0.569408 10
900 7 -2 5.78571 0.644553 10
900 7 13 2.73214 1 10
900 7 18 0 0.540506 10
900 8 -2 4.66071 0.864565 10
900 8 15 2.66786 0.949718 10
900 8 17 0.42857 1 10
920 3 -2 5.125 0.25 10
920 3 11 0.285714 1 10
960 0 -2 2.73214 0.817463 10
960 0 0 0 1 10
960 0 22 0 0.946519 10
960 0 14 0.783673 0.843567 10
960 2 -2 4.10714 0.945645 10
960 2 3 1.91071 0.992178 10
960 2 20 1.59082 0.899436 10
960 2 6 3.73571 0.983311 10
960 3 -2 6.10714 0.377193 10
960 3 11 0 1 10
960 4 -2 5.125 0.650986 10
960 4 5 0.971104 1 10
960 4 21 0.137755 0.99059 10
960 4 16 1.76786 0.752281 10
960 6 -2 2.73214 0.5924 10
960 6 7 1.91071 0.888158 10
960 6 19 0 0.715245 10
960 7 -2 5.98214 0.571429 10
960 7 13 0 1 10
960 7 18 2.73214 0.458861 10
960 8 -2 1 0.834694 10
960 8 15 0.801786 0.93995 10
960 8 17 0 0.971333 10
1000 1 -2 4.10714 0.873586 10
1000 1 1 2.73214 0.997044 10
1000 1 2 4.66071 0.958956 10
1000 1 4 3.85714 0.893725 10
1000 1 8 5.02639 0.977388 10
1000 3 -2 6.10714 0.25 10
1000 3 11 1.71508 1 10
1000 5 -2 5.5 0.505948 10
1000 5 23 5.98214 0.96398 10
1000 5 9 2.41071 0.933692 10
1000 5 10 6.10714 0.61477 10
1000 5 12 4.44286 0.693212 10
1020 6 -2 4.66071 0.593029 10
1020 6 7 0.754762 1 10
1020 6 19 0 0.569732 10
1020 7 -2 3.46429 0.569889 10
1020 7 13 0.852038 1 10
1020 7 18 0 0.478274 10
1020 8 -2 5.125 0.550518 10
1020 8 15 1.40893 0.844984 10
1020 8 17 0 0.916447 10
1040 0 -2 1.91071 0.898226 10
1040 0 0 0 1 10
1040 0 22 2.73214 0.898608 10
1040 0 14 1.39638 1 10
1040 2 -2 2.73214 0.461049 10
1040 2 3 4.65774 0.996038 10
1040 2 20 1.6801 0.950165 10
1040 2 6 3.44642 0.615698 10
1040 3 -2 6.10714 0.25 10
1040 3 11 0 1 10
1040 4 -2 4.10714 0.653249 10
1040 4 5 1.91071 1 10
1040 4 21 4.1898 0.991094 10
1040 4 16 0.271195 0.756043 10
1080 3 -2 6.10714 0.265789 10
1080 3 11 0 1 10
1080 6 -2 3.46429 0.570644 10
1080 6 7 1 1 10
1080 6 19 0 0.553174 10
1080 7 -2 2.73214 0.56677 10
1080 7 13 0 1 10
1080 7 18 0 0.482759 10
1080 8 -2 2.73214 0.490244 10
1080 8 15 0.1 0.842879 10
1080 8 17 0.134341 0.872368 10
1100 1 -2 5.98214 0.719312 10
1100 1 1 4.10714 1 10
1100 1 2 4.66071 0.922101 10
1100 1 4 0 0.818186 10
1100 1 8 5.04584 0.908121 10
1100 5 -2 5.98214 0.572791 10
1100 5 23 2.73214 0.994367 10
1100 5 9 4.10714 1 10
1100 5 10 6.10714 0.76731 10
1100 5 12 4.31786 0.876039 10
1120 0 -2 4.66071 0.540351 10
1120 0 0 0 1 10
1120 0 22 4.58128 0.912853 10
1120 0 14 0.7 0.615497 10
1120 2 -2 1 0.470844 10
1120 2 3 0.714285 1 10
1120 2 20 1.21173 1 10
1120 2 6 0 0.623658 10
1120 3 -2 6.10714 0.25 10
1120 3 11 0.977888 1 10
1120 4 -2 4.10714 0.876042 10
1120 4 5 4.03125 0.973436 10
1120 4 21 3.66276 0.927433 10
1120 4 16 0 0.919885 10
1140 6 -2 1.91071 1 10
1140 6 7 0 1 10
1140 6 19 0 1 10
1140 7 -2 2.73214 0.553571 10
1140 7 13 0 1 10
1140 7 18 0 0.481383 10
1140 8 -2 5.5 0.88042 10
1140 8 15 1.59285 0.969067 10
1140 8 17 0.388395 0.964575 10
1160 3 -2 6.10714 0.25 10
1160 3 11 0.865934 1 10
1200 0 -2 5.98214 0.657144 10
1200 0 0 0 1 10
1200 0 22 3.73214 0.951167 10
1200 0 14 0.442857 0.655715 10
1200 1 -2 1.91071 0.82038 10
1200 1 1 2.73214 0.976933 10
1200 1 2 0.27466 0.947017 10
1200 1 4 0.443027 0.879361 10
1200 1 8 5.09412 0.952164 10
1200 2 -2 1 0.942829 10
1200 2 3 0.518407 1 10
1200 2 20 0.880102 1 10
1200 2 6 0 0.939976 10
1200 3 -2 6.10714 0.25 10
1200 3 11 0.508333 1 10
1200 4 -2 2.73214 0.942491 10
1200 4 5 1.01072 1 10
1200 4 21 1.08674 0.99932 10
1200 4 16 0.939286 0.939267 10
1200 5 -2 5.125 0.489909 10
1200 5 23 4.24643 0.918623 10
1200 5 9 2.73214 0.965403 10
1200 5 10 6.10714 0.615338 10
1200 5 12 2.44643 0.73631 10
1200 6 -2 4.10714 0.971619 10
1200 6 7 0 0.976824 10
1200 6 19 0 1 10
1200 7 -2 6.10714 0.820448 10
1200 7 13 1.91071 1 10
1200 7 18 0.553571 0.789693 10
1200 8 -2 4.66071 0.912021 10
1200 8 15 0 0.967621 10
1200 8 17 0 0.984179 10
1240 3 -2 6.10714 0.25 10
1240 3 11 0.929018 1 10
1260 6 -2 1.91071 0.466115 10
1260 6 7 2.00595 0.920006 10
1260 6 19 0.380059 0.514286 10
1260 7 -2 2.73214 0.535968 10
1260 7 13 2.73214 0.981786 10
1260 7 18 1.91071 0.480769 10
1260 8 -2 4.66071 0.504116 10
1260 8 15 1.66607 0.767077 10
1260 8 17 0 0.949405 10
1280 0 -2 4.66071 0.705572 10
1280 0 0 0 1 10
1280 0 22 0.264935 0.859327 10
1280 0 14 0.928554 0.847257 10
1280 2 -2 1.91071 0.898598 10
1280 2 3 1 0.986398 10
1280 2 20 2.525 0.857305 10
1280 2 6 5.20357 0.943294 10
1280 3 -2 6.10714 1 10
1280 3 11 0 1 10
1280 4 -2 5.125 0.861975 10
1280 4 5 0 1 10
1280 4 21 0.851021 0.998831 10
1280 4 16 0.699766 0.844342 10
1300 1 -2 2.73214 0.908183 10
1300 1 1 2.94108 0.950865 10
1300 1 2 4.66071 0.979951 10
1300 1 4 5.00296 0.956815 10
1300 1 8 1.70714 0.955893 10
1300 5 -2 5.125 0.800591 10
1300 5 23 4.07501 0.998424 10
1300 5 9 1 1 10
1300 5 10 6.10714 0.797059 10
1300 5 12 3.16429 0.828312 10
1320 3 -2 6.10714 0.25 10
1320 3 11 0 1 10
1320 6 -2 4.10714 0.564059 10
1320 6 7 0.113691 1 10
1320 6 19 0 0.524123 10
1320 7 -2 5.125 0.645569 10
1320 7 13 1.61481 1 10
1320 7 18 0 0.590525 10
1360 0 -2 1.91071 0.982434 10
1360 0 0 0 1 10
1360 0 22 0 0.999643 10
1360 0 14 0 0.973392 10
1360 2 -2 2.73214 0.590522 10
1360 2 3 5.125 0.995158 10
1360 2 20 1.82704 0.949776 10
1360 2 6 0 0.620948 10
1360 3 -2 6.10714 0.265789 10
1360 3 11 0 1 10
1360 4 -2 5.5 0.52069 10
1360 4 5 0 0.969723 10
1360 4 21 5.78572 0.919803 10
1360 4 16 2.17636 0.695507 10
1380 6 -2 1.91071 0.832471 10
1380 6 7 0 0.961976 10
1380 6 19 0 0.862994 10
1380 7 -2 1.91071 0.565385 10
1380 7 13 1.0974 1 10
1380 7 18 0.842857 0.482301 10
1380 8 -2 4.10714 0.709098 10
1380 8 15 0 0.831871 10
1380 8 17 0 1 10
1400 1 -2 4.66071 0.802995 10
1400 1 1 1.91071 0.975241 10
1400 1 2 4.66071 0.935636 10
1400 1 4 3.46429 0.852733 10
1400 1 8 5.35714 0.96929 10
1400 3 -2 6.10714 0.25 10
1400 3 11 0.0107142 1 10
1400 5 -2 4.66071 0.445224 10
1400 5 23 1.91071 0.899972 10
1400 5 9 3.46429 0.977854 10
1400 5 10 6.10714 0.541947 10
1400 5 12 3.13571 0.703588 10
1440 0 -2 1.91071 0.917397 10
1440 0 0 0 1 10
1440 0 22 2.73214 0.895144 10
1440 0 14 0.204081 1 10
1440 2 -2 0 0.698895 10
1440 2 3 4.10714 0.994009 10
1440 2 20 3.33827 0.951364 10
1440 2 6 1.96429 0.829421 10
1440 3 -2 6.10714 0.25 10
1440 3 11 0 1 10
1440 4 -2 6.08929 0.678742 10
1440 4 5 1.91071 1 10
1440 4 21 0.905612 0.991228 10
1440 4 16 1.94643 0.713542 10
1440 6 -2 5.78571 0.859704 10
1440 6 7 1 1 10
1440 6 19 0 0.845772 10
1440 7 -2 1.91071 0.685678 10
1440 7 13 1.91071 1 10
1440 7 18 0 0.623361 10
1440 8 -2 4.10714 0.853066 10
1440 8 15 2.63393 0.920322 10
1440 8 17 0 0.992025 10
1480 3 -2 6.10714 0.278509 10
1480 3 11 0 1 10
1500 1 -2 2.73214 0.623145 10
1500 1 1 1.91071 0.946335 10
1500 1 2 1 0.89432 10
1500 1 4 1 0.739304 10
1500 1 8 3.97361 0.91391 10
1500 5 -2 4.66071 0.66286 10
1500 5 23 5.125 0.951183 10
1500 5 9 5.5 0.960409 10
1500 5 10 6.10714 0.810129 10
1500 5 12 0.607143 0.887212 10
1500 6 -2 4.10714 0.562992 10
1500 6 7 1.77143 1 10
1500 6 19 0 0.52381 10
1500 7 -2 4.66071 0.957237 10
1500 7 13 0.846753 1 10
1500 7 18 0 0.948105 10
1500 8 -2 4.10714 0.292064 10
1500 8 15 1 0.759957 10
1500 8 17 0 0.761688 10
1520 0 -2 4.66071 0.658545 10
1520 0 0 2.73214 1 10
1520 0 22 1.93879 0.928405 10
1520 0 14 2.43758 0.648499 10
1520 2 -2 2.73214 0.736897 10
1520 2 3 4.05581 0.989212 10
1520 2 20 1.53673 0.909585 10
1520 2 6 4.16071 0.843496 10
1520 3 -2 6.10714 0.25 10
1520 3 11 0.996622 1 10
1520 4 -2 3.46429 0.750226 10
1520 4 5 4.03127 1 10
1520 4 21 1.20612 0.991857 10
1520 4 16 0.311393 0.807637 10
1560 3 -2 6.10714 0.25 10
1560 3 11 0.702748 1 10
1560 6 -2 4.66071 0.587786 10
1560 6 7 0 1 10
1560 6 19 0 0.55323 10
1560 7 -2 4.66071 0.570423 10
1560 7 13 0 1 10
1560 7 18 0 0.47093 10
1560 8 -2 5.98214 0.507277 10
1560 8 15 0 0.842746 10
1560 8 17 0 0.809306 10
1600 0 -2 5.125 0.668928 10
1600 0 0 0 1 10
1600 0 22 3.09578 0.954882 10
1600 0 14 0 0.675762 10
1600 1 -2 3.46429 0.879446 10
1600 1 1 2.73214 0.958066 10
1600 1 2 3.89473 0.982428 10
1600 1 4 0.546939 0.953947 10
1600 1 8 3.69984 0.935294 10
1600 2 -2 1.91071 0.503211 10
1600 2 3 1 0.985569 10
1600 2 20 0.728571 0.868707 10
1600 2 6 1.59645 0.621249 10
1600 3 -2 6.10714 0.324561 10
1600 3 11 0.211508 1 10
1600 4 -2 6.08929 0.941414 10
1600 4 5 1.16867 0.998703 10
1600 4 21 4.92398 0.998683 10
1600 4 16 0.353572 0.944719 10
1600 5 -2 3.46429 0.603514 10
1600 5 23 4.04643 0.889496 10
1600 5 9 1 0.968109 10
1600 5 10 5.5 0.668223 10
1600 5 12 5.90714 0.805612 10
1620 6 -2 1 0.467563 10
1620 6 7 0 0.711388 10
1620 6 19 1.11959 0.756025 10
1620 7 -2 0 0.512503 10
1620 7 13 0 0.943693 10
1620 7 18 5.98214 0.465909 10
1620 8 -2 0 0.814956 10
1620 8 15 4.10714 0.883117 10
1620 8 17 0.275452 1 10
1640 3 -2 6.10714 0.25 10
1640 3 11 1.43572 1 10
1680 0 -2 4.66071 0.86371 10
1680 0 0 1 1 10
1680 0 22 0.563637 0.970418 10
1680 0 14 0 0.919871 10
1680 2 -2 3.46429 0.834723 10
1680 2 3 1.00714 1 10
1680 2 20 1.11071 1 10
1680 2 6 0 0.813982 10
1680 3 -2 6.10714 0.765351 10
1680 3 11 0 1 10
1680 4 -2 5.5 0.673671 10
1680 4 5 0 0.984596 10
1680 4 21 3.38878 0.959759 10
1680 4 16 0 0.79863 10
1680 6 -2 6.10714 0.674028 10
1680 6 7 0 0.710526 10
1680 6 19 0 1 10
1680 7 -2 3.46429 0.59198 10
1680 7 13 6.08929 1 10
1680 7 18 6.10714 0.489975 10
1680 8 -2 5.125 1 10
1680 8 15 0 1 10
1680 8 17 0.974405 1 10
1700 1 -2 1.91071 0.772427 10
1700 1 1 3.16073 0.884467 10
1700 1 2 3.1899 0.9488 10
1700 1 4 5.98214 0.877506 10
1700 1 8 3.46786 0.915385 10
1700 5 -2 2.73214 0.557868 10
1700 5 23 1.51191 0.774183 10
1700 5 9 2.73214 0.902506 10
1700 5 10 6.10714 0.613447 10
1700 5 12 3.15 0.771375 10
1720 3 -2 6.10714 0.25 10
1720 3 11 0 1 10
1740 6 -2 6.10714 0.395404 10
1740 6 7 0.963047 0.838504 10
1740 6 19 0 0.529352 10
1740 7 -2 3.46429 0.580952 10
1740 7 13 2.73214 1 10
1740 7 18 3.40714 0.486486 10
1740 8 -2 4.10714 0.451779 10
1740 8 15 0 0.745717 10
1740 8 17 0.278571 0.873718 10
1760 0 -2 4.10714 0.903761 10
1760 0 0 0 1 10
1760 0 22 0 0.889906 10
1760 0 14 1.32329 1 10
1760 2 -2 1 0.930862 10
1760 2 3 2.73214 0.98606 10
1760 2 20 0.829081 0.912953 10
1760 2 6 5.93572 0.962603 10
1760 3 -2 6.10714 0.324561 10
1760 3 11 0 1 10
1760 4 -2 1 0.627119 10
1760 4 5 0 0.972127 10
1760 4 21 0.459184 0.928287 10
1760 4 16 0.699823 0.791274 10
1800 1 -2 2.73214 0.645174 10
1800 1 1 1 0.94889 10
1800 1 2 4.10714 0.891639 10
1800 1 4 2.73214 0.750381 10
1800 1 8 4.33929 0.930511 10
1800 3 -2 6.10714 0.25 10
1800 3 11 0.0281744 1 10
1800 5 -2 4.10714 0.56582 10
1800 5 23 4.10714 0.876192 10
1800 5 9 5.5 0.974126 10
1800 5 10 6.10714 0.652869 10
1800 5 12 3.66786 0.81186 10
1800 6 -2 4.66071 0.549008 10
1800 6 7 0 0.976294 10
1800 6 19 3.46429 0.526042 10
1800 7 -2 5.5 0.560122 10
1800 7 13 3.46429 0.822734 10
1800 7 18 0.503571 0.686404 10
1800 8 -2 5.5 0.48321 10
1800 8 15 0.1 0.780249 10
1800 8 17 0 0.863641 10
1840 0 -2 1.91071 0.851095 10
1840 0 0 0 1 10
1840 0 22 4.10714 0.926904 10
1840 0 14 0.7 0.839087 10
1840 2 -2 4.10714 0.480643 10
1840 2 3 4.65119 1 10
1840 2 20 1.18657 1 10
1840 2 6 0.796429 0.601599 10
1840 3 -2 6.10714 0.25 10
1840 3 11 0.128571 1 10
1840 4 -2 1 0.6256 10
1840 4 5 2.73214 0.98411 10
1840 4 21 4.65206 0.956329 10
1840 4 16 1.29779 0.764132 10
1860 6 -2 4.10714 0.549701 10
1860 6 7 2.6072 0.812889 10
1860 6 19 0.647247 0.745624 10
1860 7 -2 3.46429 0.524301 10
1860 7 13 0 0.966565 10
1860 7 18 4.10714 0.481132 10
1860 8 -2 1.91071 0.686456 10
1860 8 15 1.1 0.858211 10
1860 8 17 0 0.925744 10
1880 3 -2 6.10714 0.528509 10
1880 3 11 0 1 10
1900 1 -2 4.10714 0.759728 10
1900 1 1 1 0.908391 10
1900 1 2 2.73214 0.944762 10
1900 1 4 1 0.879673 10
1900 1 8 3.82942 0.905018 10
1900 5 -2 5.78571 0.655916 10
1900 5 23 5.78571 0.950847 10
1900 5 9 2.73214 0.972908 10
1900 5 10 6.10714 0.74806 10
1900 5 12 3.92857 0.836788 10
1920 0 -2 5.125 0.643014 10
1920 0 0 0 1 10
1920 0 22 5.1206 0.944877 10
1920 0 14 0 0.521323 10
1920 2 -2 3.46429 0.711346 10
1920 2 3 3.07815 0.992185 10
1920 2 20 1.20306 0.954755 10
1920 2 6 1.08571 0.814004 10
1920 3 -2 6.10714 0.25 10
1920 3 11 0 1 10
1920 4 -2 5.78571 0.833208 10
1920 4 5 3.58 0.998003 10
1920 4 21 1.57296 0.995862 10
1920 4 16 0 0.869815 10
1920 6 -2 4.10714 0.924378 10
1920 6 7 1 1 10
1920 6 19 0 0.917419 10
1920 7 -2 4.10714 0.559717 10
1920 7 13 1 1 10
1920 7 18 0 0.483824 10
1920 8 -2 3.46429 1 10
1920 8 15 1 1 10
1920 8 17 0 1 10
1960 3 -2 6.10714 0.25 10
1960 3 11 0 1 10
1980 6 -2 5.5 0.388693 10
1980 6 7 0.726191 0.833524 10
1980 6 19 0 0.533019 10
1980 7 -2 4.66071 0.560039 10
1980 7 13 1.28279 1 10
1980 7 18 3.46429 0.483824 10
1980 8 -2 4.66071 0.538997 10
1980 8 15 0.533929 0.837719 10
1980 8 17 1.34753 0.846224 10
2000 0 -2 5.98214 0.679581 10
2000 0 0 1.91071 1 10
2000 0 22 2.74564 0.9148 10
2000 0 14 0.0142857 0.777663 10
2000 1 -2 4.66071 0.72265 10
2000 1 1 3.46429 0.968091 10
2000 1 2 0.919388 0.911529 10
2000 1 4 1 0.812092 10
2000 1 8 3.86162 0.94225 10
2000 2 -2 2.73214 0.87014 10
2000 2 3 0.763737 0.985717 10
2000 2 20 0.535714 0.915127 10
2000 2 6 3.29288 0.924555 10
2000 3 -2 6.10714 0.25 10
2000 3 11 0.665476 1 10
2000 4 -2 3.46429 0.87119 10
2000 4 5 1.19643 0.966091 10
2000 4 21 0.884184 0.939888 10
2000 4 16 1.01122 0.940149 10
2000 5 -2 3.46429 0.618908 10
2000 5 23 2.73214 0.918341 10
2000 5 9 4.10714 0.967859 10
2000 5 10 6.10714 0.698988 10
2000 5 12 4.33571 0.807559 10
2040 3 -2 6.10714 0.25 10
2040 3 11 0 1 10
2040 6 -2 3.46429 0.571429 10
2040 6 7 0 1 10
2040 6 19 0 0.52439 10
2040 7 -2 3.46429 0.55916 10
2040 7 13 1.37947 1 10
2040 7 18 0 0.483333 10
2040 8 -2 4.10714 0.534334 10
2040 8 15 0.442857 0.720833 10
2040 8 17 0 0.96345 10
2080 0 -2 4.10714 0.741935 10
2080 0 0 0 1 10
2080 0 22 1.03117 0.961543 10
2080 0 14 1.24468 0.613984 10
2080 2 -2 1 0.638398 10
2080 2 3 1.16071 0.992836 10
2080 2 20 1.56071 0.955343 10
2080 2 6 0.796429 0.656065 10
2080 3 -2 6.10714 0.584632 10
2080 3 11 0 1 10
2080 4 -2 4.10714 0.817115 10
2080 4 5 0 0.965124 10
2080 4 21 5.5 0.939449 10
2080 4 16 3.60166 0.884203 10
2100 1 -2 1.91071 0.743514 10
2100 1 1 1.17858 0.87118 10
2100 1 2 4.10714 0.949251 10
2100 1 4 4.10714 0.872585 10
2100 1 8 4.39447 0.884411 10
2100 5 -2 5.98214 0.529105 10
2100 5 23 6.10714 0.923779 10
2100 5 9 2.73214 0.975414 10
2100 5 10 6.10714 0.606443 10
2100 5 12 1.46684 0.717215 10
2100 6 -2 1.91071 0.783962 10
2100 6 7 0 0.959625 10
2100 6 19 0 0.807503 10
2100 7 -2 2.73214 0.895032 10
2100 7 13 1.91071 1 10
2100 7 18 0.857142 0.875734 10
2100 8 -2 4.66071 0.614522 10
2100 8 15 0.271429 0.815705 10
2100 8 17 0 0.931788 10
2120 3 -2 6.10714 0.25 10
2120 3 11 0.884366 1 10
2160 0 -2 5.125 0.829718 10
2160 0 0 1 1 10
2160 0 22 1 0.906 10
2160 0 14 0 0.95011 10
2160 2 -2 1 0.943208 10
2160 2 3 2.73214 1 10
2160 2 20 0 1 10
2160 2 6 1.35714 0.913169 10
2160 3 -2 6.10714 0.25 10
2160 3 11 0.533517 1 10
2160 4 -2 5.5 0.709589 10
2160 4 5 2.73214 1 10
2160 4 21 1.8699 0.991514 10
2160 4 16 0.578572 0.823893 10
2160 6 -2 5.125 0.906085 10
2160 6 7 0 1 10
2160 6 19 0.656622 0.892788 10
2160 7 -2 4.10714 0.526051 10
2160 7 13 2.71875 0.966961 10
2160 7 18 0 0.487047 10
2160 8 -2 5.5 0.960366 10
2160 8 15 1.91071 0.974102 10
2160 8 17 0 1 10
2200 1 -2 6.08929 0.821033 10
2200 1 1 3.72143 0.988967 10
2200 1 2 1 0.948266 10
2200 1 4 2.73214 0.877632 10
2200 1 8 3.89789 0.960349 10
2200 3 -2 6.10714 0.265351 10
2200 3 11 0.846428 1 10
2200 5 -2 4.10714 0.64119 10
2200 5 23 5.78571 0.982052 10
2200 5 9 2.73214 0.974426 10
2200 5 10 5.98214 0.741921 10
2200 5 12 4.31786 0.801449 10
2220 6 -2 3.46429 0.578005 10
2220 6 7 1.03571 1 10
2220 6 19 0 0.522727 10
2220 7 -2 5.125 0.621651 10
2220 7 13 0.530619 1 10
2220 7 18 0 0.551375 10
2220 8 -2 2.73214 0.298211 10
2220 8 15 0 0.731066 10
2220 8 17 0 0.811225 10
2240 0 -2 2.73214 0.902921 10
2240 0 0 1.5805 1 10
2240 0 22 0 0.893813 10
2240 0 14 0.864327 1 10
2240 2 -2 4.10714 0.64811 10
2240 2 3 1.43125 0.976734 10
2240 2 20 0.410204 0.839097 10
2240 2 6 0.796429 0.710481 10
2240 3 -2 6.10714 0.25 10
2240 3 11 0 1 10
2240 4 -2 4.10714 0.815509 10
2240 4 5 3.35721 0.998868 10
2240 4 21 4.56123 0.995077 10
2240 4 16 0.934184 0.880542 10
2280 3 -2 6.10714 0.25 10
2280 3 11 0 1 10
2280 6 -2 5.98214 0.68183 10
2280 6 7 0 0.878372 10
2280 6 19 0 0.805394 10
2280 7 -2 5.5 0.558511 10
2280 7 13 0.855519 1 10
2280 7 18 2.73214 0.479899 10
2280 8 -2 2.73214 0.41544 10
2280 8 15 0 0.759191 10
2280 8 17 0 0.862271 10
2300 1 -2 5.5 0.818428 10
2300 1 1 2.73214 0.927306 10
2300 1 2 4.66071 0.950455 10
2300 1 4 0 0.876084 10
2300 1 8 4.05357 0.946013 10
2300 5 -2 5.125 0.643289 10
2300 5 23 4.66071 0.944957 10
2300 5 9 2.73214 0.964646 10
2300 5 10 6.10714 0.748542 10
2300 5 12 4.74286 0.843017 10
2320 0 -2 1.91071 0.613896 10
2320 0 0 0 1 10
2320 0 22 5.98214 0.890131 10
2320 0 14 0 0.658382 10
2320 2 -2 1.91071 0.518323 10
2320 2 3 3.44643 0.993487 10
2320 2 20 0.443367 0.954516 10
2320 2 6 0 0.731727 10
2320 3 -2 6.10714 0.25 10
2320 3 11 0 1 10
2320 4 -2 3.46429 0.853087 10
2320 4 5 1.13174 0.955535 10
2320 4 21 1.35306 0.914951 10
2320 4 16 4.61071 0.94274 10
2340 7 -2 1 0.557167 10
2340 7 13 2.60313 1 10
2340 7 18 4.10714 0.474638 10
2340 8 -2 2.73214 0.581288 10
2340 8 15 2.73214 0.742559 10
2340 8 17 0.767867 1 10
2360 3 -2 6.10714 0.28114 10
2360 3 11 0.932418 1 10
2400 0 -2 2.73214 0.884565 10
2400 0 0 1.91071 1 10
2400 0 22 3.42696 0.959574 10
2400 0 14 0.785714 0.919962 10
2400 1 -2 3.46429 0.799861 10
2400 1 1 1 0.97764 10
2400 1 2 2.09014 0.925071 10
2400 1 4 4.06497 0.843382 10
2400 1 8 4.84365 0.98247 10
2400 2 -2 5.125 0.823758 10
2400 2 3 0.528022 1 10
2400 2 20 5.125 1 10
2400 2 6 0 0.897845 10
2400 3 -2 5.5 0.25 10
2400 3 11 0.946428 1 10
2400 4 -2 5.98214 0.561184 10
2400 4 5 0 0.98675 10
2400 4 21 0.535714 0.993641 10
2400 4 16 0 0.626944 10
2400 5 -2 5.78571 0.498314 10
2400 5 23 1 0.858262 10
2400 5 9 3.46429 0.951818 10
2400 5 10 6.10714 0.601725 10
2400 5 12 4.33929 0.757012 10
2400 6 -2 5.5 1 10
2400 6 7 0 1 10
2400 6 19 0 1 10
2400 7 -2 6.10714 0.685356 10
2400 7 13 3.46429 1 10
2400 7 18 0 0.624722 10
2400 8 -2 5.5 0.957709 10
2400 8 15 0.742858 1 10
2400 8 17 0 0.97271 10
2440 3 -2 6.10714 0.25 10
2440 3 11 0.285714 1 10
2460 6 -2 1 0.356395 10
2460 6 7 2.46429 0.817692 10
2460 6 19 1.91071 0.518717 10
2460 7 -2 6.10714 0.455123 10
2460 7 13 0.755495 0.900894 10
2460 7 18 4.10714 0.471831 10
2460 8 -2 4.10714 0.424473 10
2460 8 15 0.612501 0.803105 10
2460 8 17 0 0.827849 10
2480 0 -2 5.78571 0.847999 10
2480 0 0 0 1 10
2480 0 22 1.55584 0.916457 10
2480 0 14 0.617878 0.91674 10
2480 2 -2 3.46429 0.963424 10
2480 2 3 0.128022 1 10
2480 2 20 0.229592 1 10
2480 2 6 4.61071 0.979611 10
2480 3 -2 6.10714 0.324561 10
2480 3 11 0 1 10
2480 4 -2 3.46429 0.937904 10
2480 4 5 0.0750001 0.999413 10
2480 4 21 0.0765306 0.998602 10
2480 4 16 1.01122 0.956892 10
2500 1 -2 1.91071 0.603988 10
2500 1 1 1.9643 0.924403 10
2500 1 2 3.71848 0.889612 10
2500 1 4 5.125 0.749322 10
2500 1 8 2.14015 0.884031 10
2500 5 -2 4.66071 0.707283 10
2500 5 23 4.39882 0.96378 10
2500 5 9 5.5 0.944597 10
2500 5 10 6.10714 0.760409 10
2500 5 12 4.01429 0.760364 10
2520 3 -2 5.78571 0.25 10
2520 3 11 0 1 10
2520 6 -2 6.10714 0.574642 10
2520 6 7 0 1 10
2520 6 19 0 0.517041 10
2520 7 -2 6.10714 0.593868 10
2520 7 13 0 1 10
2520 7 18 0 0.532389 10
2520 8 -2 1.91071 0.491913 10
2520 8 15 0.7 0.806206 10
2520 8 17 0.653572 0.873632 10
2560 0 -2 5.5 0.947316 10
2560 0 0 0.144156 1 10
2560 0 22 0 0.987899 10
2560 0 14 0 0.989315 10
2560 2 -2 1 0.790633 10
2560 2 3 3.46429 1 10
2560 2 20 2.73214 1 10
2560 2 6 0.0928687 0.808301 10
2560 3 -2 6.10714 0.25 10
2560 3 11 2.38187 1 10
2560 4 -2 5.5 0.60741 10
2560 4 5 0 0.977769 10
2560 4 21 3.03472 0.964158 10
2560 4 16 1.04643 0.719764 10
2580 6 -2 4.10714 0.502385 10
2580 6 7 0 0.71875 10
2580 6 19 1.61012 0.805328 10
2580 7 -2 5.78571 0.468855 10
2580 7 13 1.44286 0.917118 10
2580 7 18 6.10714 0.480769 10
2580 8 -2 2.73214 0.75835 10
2580 8 15 1.91071 0.887304 10
2580 8 17 0.200463 0.962676 10
2600 1 -2 3.46429 0.924351 10
2600 1 1 3.80714 0.975323 10
2600 1 2 2.73214 0.974217 10
2600 1 4 2.73214 0.956443 10
2600 1 8 5.22421 0.981485 10
2600 3 -2 6.10714 0.25 10
2600 3 11 1.20873 1 10
2600 5 -2 4.66071 0.496709 10
2600 5 23 6.08929 0.878949 10
2600 5 9 1 0.944618 10
2600 5 10 6.10714 0.618928 10
2600 5 12 5.23214 0.766722 10
2640 0 -2 4.66071 0.960209 10
2640 0 0 0 1 10
2640 0 22 1 0.947952 10
2640 0 14 0.442857 1 10
2640 2 -2 4.66071 0.712918 10
2640 2 3 4.66071 0.994231 10
2640 2 20 2.05969 0.956656 10
2640 2 6 4.33929 0.841839 10
2640 3 -2 6.10714 0.25 10
2640 3 11 0.39375 1 10
2640 4 -2 1 0.738261 10
2640 4 5 1 0.99504 10
2640 4 21 0.982143 0.99551 10
2640 4 16 0 0.798791 10
2640 6 -2 5.98214 0.37816 10
2640 6 7 1 0.724507 10
2640 6 19 0 0.651669 10
2640 7 -2 2.73214 0.547297 10
2640 7 13 2.16429 1 10
2640 7 18 5.98214 0.476974 10
2640 8 -2 2.73214 0.975969 10
2640 8 15 1.41071 1 10
2640 8 17 0 0.983425 10
2680 3 -2 6.10714 0.574561 10
2680 3 11 0 1 10
2700 1 -2 4.66071 0.869954 10
2700 1 1 3.97857 0.895048 10
2700 1 2 3.46429 0.979134 10
2700 1 4 0 0.956691 10
2700 1 8 2.70437 0.921339 10
2700 5 -2 5.78571 0.648207 10
2700 5 23 2.73214 0.842519 10
2700 5 9 1 0.970267 10
2700 5 10 6.10714 0.670623 10
2700 5 12 5.50867 0.827449 10
2700 6 -2 5.5 0.469519 10
2700 6 7 0.813095 0.884471 10
2700 6 19 0 0.540046 10
2700 7 -2 6.08929 0.59166 10
2700 7 13 4.66071 1 10
2700 7 18 2.51786 0.525067 10
2700 8 -2 1 0.742613 10
2700 8 15 0.271429 0.958155 10
2700 8 17 0 0.870343 10
2720 0 -2 3.46429 0.578899 10
2720 0 0 1 1 10
2720 0 22 4.87841 0.843433 10
2720 0 14 0 0.77469 10
2720 2 -2 1.91071 0.593045 10
2720 2 3 4.20763 0.993662 10
2720 2 20 0 0.956921 10
2720 2 6 2.47145 0.715875 10
2720 3 -2 6.10714 0.25 10
2720 3 11 0 1 10
2720 4 -2 5.5 0.975439 10
2720 4 5 0.857146 0.9845 10
2720 4 21 3.2602 0.971228 10
2720 4 16 0.428576 1 10
2760 3 -2 6.10714 0.370614 10
2760 3 11 0 1 10
2760 6 -2 4.66071 0.415433 10
2760 6 7 1 0.767401 10
2760 6 19 0 0.645709 10
2760 7 -2 6.10714 0.544643 10
2760 7 13 1.91071 1 10
2760 7 18 5.125 0.473469 10
2760 8 -2 1 0.812658 10
2760 8 15 0 0.888158 10
2760 8 17 0 1 10
2800 0 -2 5.125 0.766296 10
2800 0 0 2.13159 1 10
2800 0 22 3.24048 0.941514 10
2800 0 14 0 0.921208 10
2800 1 -2 5.125 0.952001 10
2800 1 1 3.67662 0.98192 10
2800 1 2 1.8148 0.984844 10
2800 1 4 0.328741 1 10
2800 1 8 4.05357 0.974388 10
2800 2 -2 1.91071 0.829152 10
2800 2 3 0.448352 1 10
2800 2 20 0 1 10
2800 2 6 0.421429 0.88326 10
2800 3 -2 6.10714 0.25 10
2800 3 11 0.33373 1 10
2800 4 -2 5.5 0.91608 10
2800 4 5 0.371429 0.954833 10
2800 4 21 1.16837 0.919398 10
2800 4 16 0.278572 0.988386 10
2800 5 -2 5.125 0.613557 10
2800 5 23 1 0.990375 10
2800 5 9 0 0.989947 10
2800 5 10 6.10714 0.724758 10
2800 5 12 2.475 0.788539 10
2820 6 -2 4.10714 0.873101 10
2820 6 7 0 1 10
2820 6 19 0 0.852504 10
2820 7 -2 6.10714 0.543003 10
2820 7 13 0.852048 1 10
2820 7 18 0 0.472115 10
2820 8 -2 1 0.88606 10
2820 8 15 0 0.932797 10
2820 8 17 0 1 10
2840 3 -2 6.10714 0.25 10
2840 3 11 0 1 10
2880 0 -2 4.66071 0.902443 10
2880 0 0 0 1 10
2880 0 22 1.68831 0.919461 10
2880 0 14 0.357143 1 10
2880 2 -2 1.91071 0.866334 10
2880 2 3 2.73214 0.994046 10
2880 2 20 1.48112 0.956802 10
2880 2 6 1.05357 0.933776 10
2880 3 -2 6.10714 0.25 10
2880 3 11 0 1 10
2880 4 -2 2.73214 0.794804 10
2880 4 5 0.0678571 0.982952 10
2880 4 21 0.260217 0.972364 10
2880 4 16 0.428572 0.860258 10
2880 6 -2 3.46429 0.645028 10
2880 6 7 1 0.761496 10
2880 6 19 0 0.917075 10
2880 7 -2 6.10714 0.543948 10
2880 7 13 2.73214 1 10
2880 7 18 5.125 0.472115 10
2880 8 -2 4.10714 0.951217 10
2880 8 15 1.91071 0.982582 10
2880 8 17 0.849405 0.986842 10
2900 1 -2 2.73214 0.656996 10
2900 1 1 2.01786 0.818022 10
2900 1 2 5.125 0.948076 10
2900 1 4 2.73214 0.883027 10
2900 1 8 4.925 0.813749 10
2900 5 -2 5.125 0.512029 10
2900 5 23 3.20955 0.87077 10
2900 5 9 2.73214 0.927287 10
2900 5 10 6.10714 0.63729 10
2900 5 12 4.95357 0.768849 10
2920 3 -2 6.10714 0.25 10
2920 3 11 1.88475 1 10
2940 6 -2 5.5 0.395149 10
2940 6 7 0.379762 0.840461 10
2940 6 19 1 0.517621 10
2940 7 -2 2.73214 0.497076 10
2940 7 13 1.59107 0.946469 10
2940 7 18 3.46429 0.467925 10
2940 8 -2 5.125 0.457532 10
2940 8 15 0.394643 0.811879 10
2940 8 17 0 0.851386 10
2960 0 -2 2.73214 0.94681 10
2960 0 0 1.14416 1 10
2960 0 22 0 0.9314 10
2960 0 14 0.812526 0.995622 10
2960 2 -2 1 0.835344 10
2960 2 3 1 0.994288 10
2960 2 20 0.587755 0.957467 10
2960 2 6 5.1715 0.855576 10
2960 3 -2 6.10714 0.336842 10
2960 3 11 0 1 10
2960 4 -2 4.10714 0.732799 10
2960 4 5 0 0.96699 10
2960 4 21 2.55408 0.938698 10
2960 4 16 0.622791 0.852097 10
3000 1 -2 3.46429 0.759978 10
3000 1 1 3.46429 0.948321 10
3000 1 2 2.73214 0.949696 10
3000 1 4 2.73214 0.883165 10
3000 1 8 3.38095 0.911218 10
3000 3 -2 6.10714 0.25 10
3000 3 11 0 1 10
3000 5 -2 6.10714 0.602642 10
3000 5 23 4.10714 0.878074 10
3000 5 9 2.73214 0.969791 10
3000 5 10 6.10714 0.645007 10
3000 5 12 4.625 0.786609 10
3000 6 -2 4.66071 0.58349 10
3000 6 7 0 1 10
3000 6 19 1.91071 0.512987 10
3000 7 -2 5.125 0.565533 10
3000 7 13 3.46429 0.898594 10
3000 7 18 0 0.595779 10
3000 8 -2 4.66071 0.488356 10
3000 8 15 0 0.795992 10
3000 8 17 0 0.891202 10
3040 0 -2 0 0.90324 10
3040 0 0 0.883954 1 10
3040 0 22 1 0.924668 10
3040 0 14 2.04469 0.965149 10
3040 2 -2 1.91071 0.396808 10
3040 2 3 4.66071 1 10
3040 2 20 1.54541 1 10
3040 2 6 0 0.548901 10
3040 3 -2 6.10714 0.25 10
3040 3 11 0.894643 1 10
3040 4 -2 5.125 0.627885 10
3040 4 5 3.46429 0.951239 10
3040 4 21 5.125 0.910851 10
3040 4 16 0.803572 0.777577 10
3060 6 -2 4.66071 0.649441 10
3060 6 7 1 1 10
3060 6 19 0 0.588277 10
3060 7 -2 5.125 0.551197 10
3060 7 13 0 1 10
3060 7 18 0 0.463129 10
3060 8 -2 1 0.686172 10
3060 8 15 0 0.928262 10
3060 8 17 0 0.875914 10
3080 3 -2 6.10714 0.289474 10
3080 3 11 0 1 10
3100 1 -2 5.125 0.81936 10
3100 1 1 1 1 10
3100 1 2 4.10714 0.952134 10
3100 1 4 2.73214 0.883856 10
3100 1 8 3.3125 0.964376 10
3100 5 -2 5.5 0.735976 10
3100 5 23 3.46429 0.979403 10
3100 5 9 2.73214 0.970895 10
3100 5 10 6.10714 0.839559 10
3100 5 12 3.09643 0.893207 10
3120 0 -2 5.98214 0.674467 10
3120 0 0 0 1 10
3120 0 22 3.17563 0.983282 10
3120 0 14 0.357143 0.543233 10
3120 2 -2 0 0.644736 10
3120 2 3 1.18305 1 10
3120 2 20 0 1 10
3120 2 6 4.81429 0.772305 10
3120 3 -2 6.10714 0.25 10
3120 3 11 0 1 10
3120 4 -2 5.78571 0.795724 10
3120 4 5 2.73214 1 10
3120 4 21 1.73265 0.995761 10
3120 4 16 2.34982 0.869281 10
3120 6 -2 5.125 0.67154 10
3120 6 7 0 1 10
3120 6 19 0 0.613892 10
3120 7 -2 1.91071 0.655639 10
3120 7 13 0.711234 1 10
3120 7 18 0 0.582996 10
3120 8 -2 4.66071 0.820021 10
3120 8 15 0 0.908358 10
3120 8 17 0 0.987267 10
3160 3 -2 6.10714 0.265789 10
3160 3 11 0.702748 1 10
3180 6 -2 5.5 0.823913 10
3180 6 7 0 0.91343 10
3180 6 19 0 0.915482 10
3180 7 -2 4.66071 0.554627 10
3180 7 13 0.451623 1 10
3180 7 18 1.91071 0.458333 10
3180 8 -2 4.66071 0.477734 10
3180 8 15 0.555357 0.755716 10
3180 8 17 0 0.932957 10
3200 0 -2 4.66071 0.612832 10
3200 0 0 0 1 10
3200 0 22 5.1218 0.937644 10
3200 0 14 2.50549 0.564659 10
3200 1 -2 2.73214 0.721697 10
3200 1 1 1.91071 0.964381 10
3200 1 2 4.66071 0.936403 10
3200 1 4 4.01684 0.855281 10
3200 1 8 4.61694 0.906286 10
3200 2 -2 1 0.526868 10
3200 2 3 0.899726 1 10
3200 2 20 0.382653 1 10
3200 2 6 2.08938 0.642934 10
3200 3 -2 6.10714 0.25 10
3200 3 11 0 1 10
3200 4 -2 5.78571 0.748217 10
3200 4 5 2.55357 0.998805 10
3200 4 21 4.12246 0.995279 10
3200 4 16 0 0.83305 10
3200 5 -2 4.66071 0.480492 10
3200 5 23 5.5 0.875977 10
3200 5 9 3.46429 0.969102 10
3200 5 10 6.10714 0.555541 10
3200 5 12 4.42143 0.718891 10
3240 3 -2 6.10714 0.25 10
3240 3 11 0.226786 1 10
3240 6 -2 3.46429 0.628794 10
3240 6 7 0 1 10
3240 6 19 0 0.561061 10
3240 7 -2 1 0.556818 10
3240 7 13 4.30357 1 10
3240 7 18 0 0.454545 10
3240 8 -2 6.08929 0.589388 10
3240 8 15 1.1 0.891837 10
3240 8 17 0 0.85589 10
3280 0 -2 3.46429 0.727074 10
3280 0 0 0 1 10
3280 0 22 0 0.949847 10
3280 0 14 0 0.876981 10
3280 2 -2 3.46429 0.585245 10
3280 2 3 0 0.980157 10
3280 2 20 1.06684 0.886134 10
3280 2 6 1.3393 0.705435 10
3280 3 -2 6.10714 0.289474 10
3280 3 11 0 1 10
3280 4 -2 4.66071 0.839731 10
3280 4 5 0.0678571 0.981286 10
3280 4 21 3.83469 0.968486 10
3280 4 16 4.00841 0.894629 10
3300 1 -2 4.66071 0.717813 10
3300 1 1 4.15 0.982244 10
3300 1 2 6.08929 0.923183 10
3300 1 4 5.61429 0.827915 10
3300 1 8 4.62123 0.929881 10
3300 5 -2 4.10714 0.637635 10
3300 5 23 5.5 0.953014 10
3300 5 9 4.10714 0.930823 10
3300 5 10 6.10714 0.789945 10
3300 5 12 2.39184 0.85013 10
3300 6 -2 3.46429 0.704869 10
3300 6 7 0 0.890578 10
3300 6 19 0.623809 0.803377 10
3300 7 -2 4.10714 0.795189 10
3300 7 13 0 0.9664 10
3300 7 18 2.30357 0.786286 10
3300 8 -2 2.73214 0.588258 10
3300 8 15 2.73214 0.758217 10
3300 8 17 0.428576 1 10
3320 3 -2 6.10714 0.25 10
3320 3 11 0.128571 1 10
3360 0 -2 3.46429 0.973271 10
3360 0 0 0 1 10
3360 0 22 0 0.963856 10
3360 0 14 1.12653 1 10
3360 2 -2 2.73214 0.688787 10
3360 2 3 4.66071 1 10
3360 2 20 0 1 10
3360 2 6 2.21429 0.746519 10
3360 3 -2 6.10714 0.25 10
3360 3 11 0 1 10
3360 4 -2 3.46429 0.634146 10
3360 4 5 4.66071 1 10
3360 4 21 3.3801 0.993213 10
3360 4 16 6.10714 0.764793 10
3360 6 -2 4.10714 0.847827 10
3360 6 7 0 1 10
3360 6 19 0 0.824824 10
3360 7 -2 5.125 0.55774 10
3360 7 13 1 1 10
3360 7 18 0 0.460098 10
3360 8 -2 4.66071 0.516946 10
3360 8 15 1 0.753106 10
3360 8 17 0 0.959561 10
3400 1 -2 5.98214 0.727345 10
3400 1 1 3.23571 0.961008 10
3400 1 2 5.5 0.904397 10
3400 1 4 3.46429 0.783871 10
3400 1 8 4.48835 0.972129 10
3400 3 -2 5.125 0.25 10
3400 3 11 1.59722 1 10
3400 5 -2 4.10714 0.505274 10
3400 5 23 3.475 0.906096 10
3400 5 9 5.125 0.9396 10
3400 5 10 6.10714 0.602263 10
3400 5 12 3.84286 0.699131 10
3420 6 -2 3.46429 0.590661 10
3420 6 7 0.421429 1 10
3420 6 19 0 0.524639 10
3420 7 -2 0 0.665955 10
3420 7 13 0.493893 1 10
3420 7 18 0 0.58859 10
3420 8 -2 3.46429 0.346725 10
3420 8 15 0.223214 0.769398 10
3420 8 17 0.503572 0.825692 10
3440 0 -2 2.73214 0.830982 10
3440 0 0 0.750034 1 10
3440 0 22 1.91071 0.8647 10
3440 0 14 1.90549 0.914074 10
3440 2 -2 1.91071 0.438646 10
3440 2 3 3.67619 0.993001 10
3440 2 20 1.05 0.958526 10
3440 2 6 3.66809 0.636706 10
3440 3 -2 6.10714 0.25 10
3440 3 11 0 1 10
3440 4 -2 2.73214 0.585487 10
3440 4 5 3.46429 0.981533 10
3440 4 21 3.41378 0.964283 10
3440 4 16 4.48775 0.72716 10
3480 3 -2 6.10714 0.25 10
3480 3 11 0 1 10
3480 6 -2 4.66071 0.577381 10
3480 6 7 0 1 10
3480 6 19 0 0.513736 10
3480 7 -2 4.10714 0.561899 10
3480 7 13 0.791234 1 10
3480 7 18 0 0.458202 10
3480 8 -2 2.73214 0.316023 10
3480 8 15 0 0.758929 10
3480 8 17 1.60879 0.818424 10
3500 1 -2 3.46429 0.759296 10
3500 1 1 3.46429 0.953767 10
3500 1 2 2.73214 0.945555 10
3500 1 4 2.73214 0.887341 10
3500 1 8 4.82421 0.906924 10
3500 5 -2 2.73214 0.633031 10
3500 5 23 4.66071 0.950808 10
3500 5 9 2.73214 0.977226 10
3500 5 10 6.10714 0.76344 10
3500 5 12 2.14286 0.883447 10
3520 0 -2 4.66071 0.666593 10
3520 0 0 0.916483 1 10
3520 0 22 2.73214 0.964976 10
3520 0 14 0 0.660746 10
3520 2 -2 1.91071 0.523059 10
3520 2 3 3.7548 0.993177 10
3520 2 20 1.9551 0.958889 10
3520 2 6 0.196429 0.721214 10
3520 3 -2 6.10714 0.25 10
3520 3 11 0.207143 1 10
3520 4 -2 5.98214 0.624527 10
3520 4 5 3.15405 0.99478 10
3520 4 21 1.98265 0.994669 10
3520 4 16 0.878572 0.72456 10
3540 6 -2 2.73214 0.626538 10
3540 6 7 0 0.838774 10
3540 6 19 0 0.779324 10
3540 7 -2 2.73214 0.766428 10
3540 7 13 1.3308 1 10
3540 7 18 3.40714 0.708355 10
3540 8 -2 4.10714 0.930387 10
3540 8 15 3.46429 0.960991 10
3540 8 17 0.0473505 1 10
3560 3 -2 6.10714 0.265789 10
3560 3 11 0.932418 1 10
3600 0 -2 4.10714 0.886588 10
3600 0 0 1 1 10
3600 0 22 3.29455 0.96295 10
3600 0 14 0.357143 0.920839 10
3600 1 -2 3.46429 0.817961 10
3600 1 1 1 0.895316 10
3600 1 2 3.8733 0.958848 10
3600 1 4 3.83946 0.922351 10
3600 1 8 3.98727 0.923297 10
3600 2 -2 2.73214 0.627464 10
3600 2 3 2.48379 0.982084 10
3600 2 20 0.434694 0.885362 10
3600 2 6 5.27143 0.814568 10
3600 3 -2 6.10714 0.252193 10
3600 3 11 0 1 10
3600 4 -2 4.10714 0.754832 10
3600 4 5 0.0571432 0.998872 10
3600 4 21 0.982143 0.99597 10
3600 4 16 0 0.835356 10
3600 5 -2 4.66071 0.572591 10
3600 5 23 1 0.877666 10
3600 5 9 1.90357 0.972755 10
3600 5 10 6.08929 0.637744 10
3600 5 12 5.23061 0.801154 10
3600 6 -2 5.125 0.639268 10
3600 6 7 2.73214 1 10
3600 6 19 0 0.578404 10
3600 7 -2 4.10714 0.628031 10
3600 7 13 3.46429 1 10
3600 7 18 0 0.531615 10
3600 8 -2 6.10714 0.981071 10
3600 8 15 0.657144 1 10
3600 8 17 0 0.987027 10
3640 3 -2 6.10714 0.25 10
3640 3 11 0 1 10
3660 6 -2 5.98214 0.628947 10
3660 6 7 3.46429 1 10
3660 6 19 0 0.570218 10
3660 7 -2 3.46429 0.567241 10
3660 7 13 1 1 10
3660 7 18 0 0.456745 10
3660 8 -2 3.46429 0.309327 10
3660 8 15 1.37857 0.779913 10
3660 8 17 0 0.791314 10
3680 0 -2 1.91071 0.781757 10
3680 0 0 0 1 10
3680 0 22 2.59968 0.887658 10
3680 0 14 1.75898 1 10
3680 2 -2 1.91071 0.773068 10
3680 2 3 0 0.975919 10
3680 2 20 0 0.851184 10
3680 2 6 2.48941 0.72681 10
3680 3 -2 6.10714 0.25 10
3680 3 11 0.176587 1 10
3680 4 -2 4.10714 0.964584 10
3680 4 5 0 1 10
3680 4 21 5.95409 0.999388 10
3680 4 16 1.7114 0.976893 10
3700 1 -2 2.73214 0.6714 10
3700 1 1 4.23215 0.947822 10
3700 1 2 1.42157 0.889633 10
3700 1 4 6.08929 0.7575 10
3700 1 8 2.74524 0.950747 10
3700 5 -2 5.78571 0.674832 10
3700 5 23 4.94643 0.962093 10
3700 5 9 5.78572 0.946722 10
3700 5 10 6.10714 0.740046 10
3700 5 12 1.90357 0.759262 10
3720 3 -2 6.10714 0.25 10
3720 3 11 1.86227 1 10
3720 6 -2 4.66071 0.578272 10
3720 6 7 0 1 10
3720 6 19 0 0.513537 10
3720 7 -2 2.73214 0.825523 10
3720 7 13 0 1 10
3720 7 18 0 0.782694 10
3720 8 -2 4.66071 0.568758 10
3720 8 15 0.185714 0.833733 10
3720 8 17 0 0.901454 10
3760 0 -2 5.125 0.950022 10
3760 0 0 0.288312 1 10
3760 0 22 0 0.994381 10
3760 0 14 0.7 0.950518 10
3760 2 -2 2.73214 0.685073 10
3760 2 3 5.125 0.993114 10
3760 2 20 1.19388 0.956892 10
3760 2 6 0.346429 0.688754 10
3760 3 -2 6.10714 0.25 10
3760 3 11 1.80605 1 10
3760 4 -2 2.73214 0.51567 10
3760 4 5 1 0.923389 10
3760 4 21 5.35765 0.871333 10
3760 4 16 0 0.731643 10
3780 6 -2 4.10714 0.884868 10
3780 6 7 1 0.958426 10
3780 6 19 0.544643 0.920387 10
3780 7 -2 1.91071 0.537053 10
3780 7 13 0 0.971951 10
3780 7 18 0.857142 0.457101 10
3780 8 -2 1.91071 0.785502 10
3780 8 15 0.867876 0.907475 10
3780 8 17 0.200463 0.965149 10
3800 1 -2 2.73214 0.741915 10
3800 1 1 2.63929 0.965284 10
3800 1 2 4.10714 0.905669 10
3800 1 4 1 0.802374 10
3800 1 8 5.35877 0.974034 10
3800 3 -2 6.10714 0.427632 10
3800 3 11 0.150397 1 10
3800 5 -2 5.78571 0.507769 10
3800 5 23 5.61429 0.924835 10
3800 5 9 4.66072 0.981601 10
3800 5 10 4.66071 0.623981 10
3800 5 12 5.20714 0.780477 10
3840 0 -2 3.46429 0.909304 10
3840 0 0 0 1 10
3840 0 22 4.10714 0.925038 10
3840 0 14 0.528571 0.966803 10
3840 2 -2 0 0.707784 10
3840 2 3 2.73214 0.981863 10
3840 2 20 0.596939 0.881029 10
3840 2 6 2.08155 0.861643 10
3840 3 -2 6.10714 0.25 10
3840 3 11 0.639286 1 10
3840 4 -2 3.46429 0.873717 10
3840 4 5 1.91071 0.998483 10
3840 4 21 0.802041 0.998386 10
3840 4 16 0 0.910248 10
3840 6 -2 5.125 0.856477 10
3840 6 7 2.73214 1 10
3840 6 19 0 0.833323 10
3840 7 -2 4.10714 0.563877 10
3840 7 13 2.61697 1 10
3840 7 18 0 0.455679 10
3840 8 -2 5.125 0.972105 10
3840 8 15 1.91071 0.999645 10
3840 8 17 0 0.981637 10
3880 3 -2 6.10714 0.495614 10
3880 3 11 0 1 10
3900 1 -2 2.73214 0.719548 10
3900 1 1 3.46429 0.903604 10
3900 1 2 1 0.939808 10
3900 1 4 4.10714 0.884596 10
3900 1 8 3.85873 0.879158 10
3900 5 -2 5.125 0.716751 10
3900 5 23 4.10714 0.985108 10
3900 5 9 2.73214 0.98265 10
3900 5 10 6.10714 0.828877 10
3900 5 12 1.55357 0.906867 10
3900 6 -2 4.66071 0.62709 10
3900 6 7 0 1 10
3900 6 19 0 0.565877 10
3900 7 -2 5.5 0.889434 10
3900 7 13 0 1 10
3900 7 18 0 0.861574 10
3900 8 -2 5.98214 0.370614 10
3900 8 15 1.10341 0.790205 10
3900 8 17 0 0.82195 10
3920 0 -2 4.66071 0.568718 10
3920 0 0 1.29465 1 10
3920 0 22 1.44626 0.855673 10
3920 0 14 1.09838 0.673645 10
3920 2 -2 4.10714 0.68322 10
3920 2 3 4.57591 1 10
3920 2 20 0.765306 1 10
3920 2 6 2.62506 0.69139 10
3920 3 -2 6.10714 0.25 10
3920 3 11 0 1 10
3920 4 -2 5.125 0.675 10
3920 4 5 2.73214 0.985172 10
3920 4 21 5.05255 0.974317 10
3920 4 16 0.271247 0.792438 10
3960 3 -2 6.10714 0.25 10
3960 3 11 0 1 10
3960 6 -2 5.78571 0.704261 10
3960 6 7 0.319157 1 10
3960 6 19 1.775 0.653695 10
3960 7 -2 2.73214 0.476079 10
3960 7 13 0.7625 0.908396 10
3960 7 18 0 0.456199 10
3960 8 -2 4.10714 0.461549 10
3960 8 15 1 0.777712 10
3960 8 17 0 0.896884 10
